// Jest Snapshot v1, https://goo.gl/fbAQLP

exports[`ActionInputBox should matche snapshot 1`] = `
<div
  class="MuiBox-root MuiBox-root-7 makeStyles-root-1"
>
  <div
    class="MuiFormControl-root MuiTextField-root makeStyles-input-2 makeStyles-input-5"
  >
    <div
      class="MuiInputBase-root MuiOutlinedInput-root MuiInputBase-formControl"
    >
      <input
        aria-invalid="false"
        class="MuiInputBase-input MuiOutlinedInput-input"
        placeholder="search..."
        type="text"
        value=""
      />
      <fieldset
        aria-hidden="true"
        class="PrivateNotchedOutline-root-46 MuiOutlinedInput-notchedOutline"
        style="padding-left: 8px;"
      >
        <legend
          class="PrivateNotchedOutline-legend-47"
          style="width: 0.01px;"
        >
          <span>
            â€‹
          </span>
        </legend>
      </fieldset>
    </div>
  </div>
  <button
    class="MuiButtonBase-root MuiButton-root MuiButton-contained makeStyles-button-3 MuiButton-containedSizeLarge MuiButton-sizeLarge"
    tabindex="0"
    type="button"
  >
    <span
      class="MuiButton-label"
    >
      <svg
        aria-hidden="true"
        class="MuiSvgIcon-root makeStyles-icon-4"
        data-testid="search-icon"
        focusable="false"
        role="presentation"
        viewBox="0 0 24 24"
      >
        <path
          d="M15.5 14h-.79l-.28-.27C15.41 12.59 16 11.11 16 9.5 16 5.91 13.09 3 9.5 3S3 5.91 3 9.5 5.91 16 9.5 16c1.61 0 3.09-.59 4.23-1.57l.27.28v.79l5 4.99L20.49 19l-4.99-5zm-6 0C7.01 14 5 11.99 5 9.5S7.01 5 9.5 5 14 7.01 14 9.5 11.99 14 9.5 14z"
        />
      </svg>
    </span>
    <span
      class="MuiTouchRipple-root"
    />
  </button>
</div>
`;
