// Jest Snapshot v1, https://goo.gl/fbAQLP

exports[`Loading should match snapshot 1`] = `
<div>
  <div
    class="makeStyles-root-1"
  >
    Loading...
  </div>
</div>
`;
