// Jest Snapshot v1, https://goo.gl/fbAQLP

exports[`<Message /> should match snapshot 1`] = `
<div
  style="width: 300px; height: 700px;"
>
  <div
    class="MuiBox-root MuiBox-root-6 makeStyles-root-1"
  >
    <div
      class="MuiGrid-root makeStyles-container-2 MuiGrid-container MuiGrid-direction-xs-column"
    >
      <div
        class="MuiGrid-root makeStyles-item__actionbox-3 MuiGrid-item"
      >
        <div
          class="MuiBox-root MuiBox-root-115 makeStyles-root-110"
        >
          <div
            class="MuiFormControl-root MuiTextField-root makeStyles-input-111 makeStyles-input-114"
          >
            <div
              class="MuiInputBase-root MuiOutlinedInput-root MuiInputBase-formControl"
            >
              <input
                aria-invalid="false"
                class="MuiInputBase-input MuiOutlinedInput-input"
                placeholder="text..."
                type="text"
                value=""
              />
              <fieldset
                aria-hidden="true"
                class="PrivateNotchedOutline-root-154 MuiOutlinedInput-notchedOutline"
                style="padding-left: 8px;"
              >
                <legend
                  class="PrivateNotchedOutline-legend-155"
                  style="width: 0.01px;"
                >
                  <span>
                    ​
                  </span>
                </legend>
              </fieldset>
            </div>
          </div>
          <button
            class="MuiButtonBase-root MuiButton-root MuiButton-contained makeStyles-button-112 MuiButton-containedPrimary MuiButton-containedSizeLarge MuiButton-sizeLarge"
            data-testid="actioninputbox-button"
            tabindex="0"
            type="button"
          >
            <span
              class="MuiButton-label"
            >
              Save
            </span>
            <span
              class="MuiTouchRipple-root"
            />
          </button>
        </div>
      </div>
      <div
        class="makeStyles-divider-4"
      />
      <div
        class="MuiGrid-root makeStyles-item__actionbox-3 MuiGrid-item"
      >
        <div
          class="MuiBox-root MuiBox-root-191 makeStyles-root-110"
        >
          <div
            class="MuiFormControl-root MuiTextField-root makeStyles-input-111 makeStyles-input-190"
          >
            <div
              class="MuiInputBase-root MuiOutlinedInput-root MuiInputBase-formControl"
            >
              <input
                aria-invalid="false"
                class="MuiInputBase-input MuiOutlinedInput-input"
                placeholder="search..."
                type="text"
                value=""
              />
              <fieldset
                aria-hidden="true"
                class="PrivateNotchedOutline-root-154 MuiOutlinedInput-notchedOutline"
                style="padding-left: 8px;"
              >
                <legend
                  class="PrivateNotchedOutline-legend-155"
                  style="width: 0.01px;"
                >
                  <span>
                    ​
                  </span>
                </legend>
              </fieldset>
            </div>
          </div>
          <button
            class="MuiButtonBase-root MuiButton-root MuiButton-contained makeStyles-button-112 MuiButton-containedSizeLarge MuiButton-sizeLarge"
            data-testid="actioninputbox-button"
            tabindex="0"
            type="button"
          >
            <span
              class="MuiButton-label"
            >
              <svg
                aria-hidden="true"
                class="MuiSvgIcon-root makeStyles-icon-113"
                data-testid="search-icon"
                focusable="false"
                viewBox="0 0 24 24"
              >
                <path
                  d="M15.5 14h-.79l-.28-.27C15.41 12.59 16 11.11 16 9.5 16 5.91 13.09 3 9.5 3S3 5.91 3 9.5 5.91 16 9.5 16c1.61 0 3.09-.59 4.23-1.57l.27.28v.79l5 4.99L20.49 19l-4.99-5zm-6 0C7.01 14 5 11.99 5 9.5S7.01 5 9.5 5 14 7.01 14 9.5 11.99 14 9.5 14z"
                />
              </svg>
            </span>
            <span
              class="MuiTouchRipple-root"
            />
          </button>
        </div>
      </div>
      <div
        class="MuiBox-root MuiBox-root-238 makeStyles-root-235"
        data-testid="infinitetable"
      >
        <div
          class="MuiGrid-root makeStyles-container__header-236 MuiGrid-container"
        >
          <div
            class="MuiGrid-root MuiGrid-item MuiGrid-grid-xs-5"
          >
            <p
              class="MuiTypography-root makeStyles-item__header-237 MuiTypography-body2"
              data-testid="tableheader-lastModified"
            >
              DATE
            </p>
          </div>
          <div
            class="MuiGrid-root MuiGrid-item MuiGrid-grid-xs-7"
          >
            <p
              class="MuiTypography-root makeStyles-item__header-237 MuiTypography-body2"
              data-testid="tableheader-content"
            >
              CONTENT
            </p>
          </div>
        </div>
        <div
          class="MuiBox-root MuiBox-root-269 makeStyles-root-235"
        >
          <div
            style="overflow: visible; height: 0px; width: 0px;"
          >
            <div
              class="makeStyles-overflow-270"
              style="height: 700px; width: 200px; overflow: auto; position: relative; will-change: transform;"
            >
              <div
                style="height: 11900px; width: 100%;"
              >
                <div
                  class="MuiGrid-root makeStyles-root-271 makeStyles-root-276 MuiGrid-container"
                  data-testid="row-5e902a09035ac411cd04d22b"
                >
                  <svg
                    aria-hidden="true"
                    class="MuiSvgIcon-root makeStyles-item__closeicon-273"
                    data-testid="row-closeicon-5e902a09035ac411cd04d22b"
                    focusable="false"
                    viewBox="0 0 24 24"
                  >
                    <path
                      d="M19 6.41L17.59 5 12 10.59 6.41 5 5 6.41 10.59 12 5 17.59 6.41 19 12 13.41 17.59 19 19 17.59 13.41 12z"
                    />
                  </svg>
                  <div
                    class="MuiGrid-root MuiGrid-item MuiGrid-grid-xs-5"
                  >
                    <div
                      class="MuiBox-root MuiBox-root-277 makeStyles-columns__item-274"
                    >
                      <p
                        class="MuiTypography-root makeStyles-columns__item__typo-275 MuiTypography-body2"
                      >
                        2020-04-10T08:10:49+00:00
                      </p>
                    </div>
                  </div>
                  <div
                    class="MuiGrid-root MuiGrid-item MuiGrid-grid-xs-7"
                  >
                    <div
                      class="MuiBox-root MuiBox-root-278 makeStyles-columns__item-274"
                    >
                      <p
                        class="MuiTypography-root makeStyles-columns__item__typo-275 MuiTypography-body2"
                      >
                        1212
                      </p>
                    </div>
                  </div>
                </div>
                <div
                  class="MuiGrid-root makeStyles-root-271 makeStyles-root-279 MuiGrid-container"
                  data-testid="row-5e6b34a80f14940526bb0780"
                >
                  <svg
                    aria-hidden="true"
                    class="MuiSvgIcon-root makeStyles-item__closeicon-273"
                    data-testid="row-closeicon-5e6b34a80f14940526bb0780"
                    focusable="false"
                    viewBox="0 0 24 24"
                  >
                    <path
                      d="M19 6.41L17.59 5 12 10.59 6.41 5 5 6.41 10.59 12 5 17.59 6.41 19 12 13.41 17.59 19 19 17.59 13.41 12z"
                    />
                  </svg>
                  <div
                    class="MuiGrid-root MuiGrid-item MuiGrid-grid-xs-5"
                  >
                    <div
                      class="MuiBox-root MuiBox-root-280 makeStyles-columns__item-274"
                    >
                      <p
                        class="MuiTypography-root makeStyles-columns__item__typo-275 MuiTypography-body2"
                      >
                        2020-04-10T08:10:47+00:00
                      </p>
                    </div>
                  </div>
                  <div
                    class="MuiGrid-root MuiGrid-item MuiGrid-grid-xs-7"
                  >
                    <div
                      class="MuiBox-root MuiBox-root-281 makeStyles-columns__item-274"
                    >
                      <p
                        class="MuiTypography-root makeStyles-columns__item__typo-275 MuiTypography-body2"
                      >
                        13s123x232s sadaa
                      </p>
                    </div>
                  </div>
                </div>
                <div
                  class="MuiGrid-root makeStyles-root-271 makeStyles-root-282 MuiGrid-container"
                  data-testid="row-5e8a886b71b355002f81c196"
                >
                  <svg
                    aria-hidden="true"
                    class="MuiSvgIcon-root makeStyles-item__closeicon-273"
                    data-testid="row-closeicon-5e8a886b71b355002f81c196"
                    focusable="false"
                    viewBox="0 0 24 24"
                  >
                    <path
                      d="M19 6.41L17.59 5 12 10.59 6.41 5 5 6.41 10.59 12 5 17.59 6.41 19 12 13.41 17.59 19 19 17.59 13.41 12z"
                    />
                  </svg>
                  <div
                    class="MuiGrid-root MuiGrid-item MuiGrid-grid-xs-5"
                  >
                    <div
                      class="MuiBox-root MuiBox-root-283 makeStyles-columns__item-274"
                    >
                      <p
                        class="MuiTypography-root makeStyles-columns__item__typo-275 MuiTypography-body2"
                      >
                        2020-04-06T01:39:55+00:00
                      </p>
                    </div>
                  </div>
                  <div
                    class="MuiGrid-root MuiGrid-item MuiGrid-grid-xs-7"
                  >
                    <div
                      class="MuiBox-root MuiBox-root-284 makeStyles-columns__item-274"
                    >
                      <p
                        class="MuiTypography-root makeStyles-columns__item__typo-275 MuiTypography-body2"
                      >
                        1212312
                      </p>
                    </div>
                  </div>
                </div>
              </div>
            </div>
          </div>
          <div
            class="resize-triggers"
          >
            <div
              class="expand-trigger"
            >
              <div
                style="width: 201px; height: 701px;"
              />
            </div>
            <div
              class="contract-trigger"
            />
          </div>
        </div>
      </div>
    </div>
  </div>
</div>
`;
