// Jest Snapshot v1, https://goo.gl/fbAQLP

exports[`CreateMessageBox should match snapshot 1`] = `
<div
  class="MuiBox-root MuiBox-root-7 makeStyles-root-1"
>
  <div
    class="MuiFormControl-root MuiTextField-root makeStyles-input-2 makeStyles-input-5"
  >
    <div
      class="MuiInputBase-root MuiOutlinedInput-root MuiInputBase-formControl"
    >
      <input
        aria-invalid="false"
        class="MuiInputBase-input MuiOutlinedInput-input"
        placeholder="text..."
        type="text"
        value=""
      />
      <fieldset
        aria-hidden="true"
        class="PrivateNotchedOutline-root-46 MuiOutlinedInput-notchedOutline"
        style="padding-left: 8px;"
      >
        <legend
          class="PrivateNotchedOutline-legend-47"
          style="width: 0.01px;"
        >
          <span>
            â€‹
          </span>
        </legend>
      </fieldset>
    </div>
  </div>
  <button
    class="MuiButtonBase-root MuiButton-root MuiButton-contained makeStyles-button-3 MuiButton-containedPrimary MuiButton-containedSizeLarge MuiButton-sizeLarge"
    tabindex="0"
    type="button"
  >
    <span
      class="MuiButton-label"
    >
      Save
    </span>
    <span
      class="MuiTouchRipple-root"
    />
  </button>
</div>
`;
