// Jest Snapshot v1, https://goo.gl/fbAQLP

exports[`ListMessageOfUser should match snapshot 1`] = `
<div>
  <div
    class="MuiBox-root MuiBox-root-4 makeStyles-root-1"
  >
    <div
      class="makeStyles-root-5"
    >
      Loading...
    </div>
  </div>
</div>
`;
