// Jest Snapshot v1, https://goo.gl/fbAQLP

exports[`TestMock should match snapshot 1`] = `
<div>
  <div>
    hihi
  </div>
</div>
`;
