// Jest Snapshot v1, https://goo.gl/fbAQLP

exports[`<NavBarItem /> should match snapshot 1`] = `
<div>
  <button
    class="MuiButtonBase-root MuiButton-root MuiButton-text MuiButton-textPrimary"
    data-testid="navbaritem-user"
    tabindex="0"
    type="button"
  >
    <span
      class="MuiButton-label"
    >
      user
    </span>
    <span
      class="MuiTouchRipple-root"
    />
  </button>
</div>
`;
