// Jest Snapshot v1, https://goo.gl/fbAQLP

exports[`<LogOutButton /> should match snapshot 1`] = `
<div>
  <button
    class="MuiButtonBase-root MuiButton-root MuiButton-text makeStyles-root-1 MuiButton-textPrimary"
    data-testid="logoutbutton"
    tabindex="0"
    type="button"
  >
    <span
      class="MuiButton-label"
    >
      Logout
    </span>
    <span
      class="MuiTouchRipple-root"
    />
  </button>
</div>
`;
